---
source: tui/src/history_cell.rs
expression: rendered
---
╭────────────────────────────────────────────────╮
│ >_ OpenAI Codex (vtest)                        │
│                                                │
│ model:     gpt-5-codex high   /model to change │
│ directory: mycodex                             │
│ sandbox:   workspace-write                     │
│ network:   restricted                          │
│ approval:  on-request                          │
│ summary:   detailed                            │
│ project_doc_max_bytes: 32768 (32 KB)           │
│ model_auto_compact_token_limit: 200,000        │
╰────────────────────────────────────────────────╯
