---
source: tui/src/history_cell.rs
assertion_line: 2788
expression: rendered
---
╭──────────────────────────────────────────────────────────╮
│ >_ OpenAI Codex (v0.0.0)                                 │
│                                                          │
│ model:                          gpt-5   /model to change │
│ directory:                      /tmp/project             │
│ sandbox:                        danger-full-access       │
│ network:                        enabled                  │
│ approval:                       never                    │
│ summary:                        auto                     │
│ project_doc_max_bytes:          102400 (100 KB)          │
│ model_auto_compact_token_limit: <disabled>               │
╰──────────────────────────────────────────────────────────╯
